Γ£à Vertex AI initializing with Project ID: a-series-484205
Testing Vertex AI...
[INFO] [VERTEX] Sending request to Gemini (Context: false)...
node : [ERROR] 
[VERTEX] Error: [Verte
xAI.GoogleAuthError]: 
At line:1 char:1
+ node test_vertex_man
ual_v2.js > 
test_output.txt 2>&1
+ ~~~~~~~~~~~~~~~~~~~~
~~~~~~~~~~~~~~~~~~~~~~
~~~~~~~~~~
    + CategoryInfo    
          : NotSpeci  
  fied: ([ERROR] [V   
 ERTEX...gleAuthEr    
ror]: :String) []    
, RemoteException
    + FullyQualifiedE 
   rrorId : NativeCo  
  mmandError
 
Unable to 
authenticate your 
request        
Depending on your run 
time environment, you 
can get 
authentication by     
   
- if in local 
instance or cloud 
shell: `!gcloud auth 
login`        
- if in Colab:        
    -`from 
google.colab import 
auth`        
    -`auth.authenticat
e_user()`        
- if in service 
account or other: 
please follow 
guidance in https://cl
oud.google.com/docs/au
thentication
Test Failed: 
GoogleAuthError: [Vert
exAI.GoogleAuthError]:
 
Unable to 
authenticate your 
request        
Depending on your run 
time environment, you 
can get 
authentication by     
   
- if in local 
instance or cloud 
shell: `!gcloud auth 
login`        
- if in Colab:        
    -`from 
google.colab import 
auth`        
    -`auth.authenticat
e_user()`        
- if in service 
account or other: 
please follow 
guidance in https://cl
oud.google.com/docs/au
thentication
    at C:\Users\Intel\
Desktop\AISA\AISA_Back
end\node_modules\@goog
le-cloud\vertexai\buil
d\src\models\generativ
e_models.js:63:19
    at process.process
TicksAndRejections (no
de:internal/process/ta
sk_queues:103:5)
    at async 
generateContent (C:\Us
ers\Intel\Desktop\AISA
\AISA_Backend\node_mod
ules\@google-cloud\ver
texai\build\src\functi
ons\generate_content.j
s:51:16)
    at async 
askVertex (file:///C:/
Users/Intel/Desktop/AI
SA/AISA_Backend/servic
es/vertex.service.js:1
5:24)
    at async runTest (
file:///C:/Users/Intel
/Desktop/AISA/AISA_Bac
kend/test_vertex_manua
l_v2.js:7:26) {
  stackTrace: 
GaxiosError: {"error":
"invalid_grant","error
_description":"reauth 
related error (invalid
_rapt)","error_uri":"h
ttps://support.google.
com/a/answer/9368756",
"error_subtype":"inval
id_rapt"}
      at 
Gaxios._request (C:\Us
ers\Intel\Desktop\AISA
\AISA_Backend\node_mod
ules\@google-cloud\ver
texai\node_modules\gax
ios\build\src\gaxios.j
s:142:23)
      at process.proce
ssTicksAndRejections (
node:internal/process/
task_queues:103:5)
      at async UserRef
reshClient.refreshToke
nNoCache (C:\Users\Int
el\Desktop\AISA\AISA_B
ackend\node_modules\@g
oogle-cloud\vertexai\n
ode_modules\google-aut
h-library\build\src\au
th\oauth2client.js:212
:19)
      at async UserRef
reshClient.refreshAcce
ssTokenAsync (C:\Users
\Intel\Desktop\AISA\AI
SA_Backend\node_module
s\@google-cloud\vertex
ai\node_modules\google
-auth-library\build\sr
c\auth\oauth2client.js
:247:19)
      at async UserRef
reshClient.getAccessTo
kenAsync (C:\Users\Int
el\Desktop\AISA\AISA_B
ackend\node_modules\@g
oogle-cloud\vertexai\n
ode_modules\google-aut
h-library\build\src\au
th\oauth2client.js:276
:23)
      at async GoogleA
uth.getAccessToken (C:
\Users\Intel\Desktop\A
ISA\AISA_Backend\node_
modules\@google-cloud\
vertexai\node_modules\
google-auth-library\bu
ild\src\auth\googleaut
h.js:723:17)
      at async 
generateContent (C:\Us
ers\Intel\Desktop\AISA
\AISA_Backend\node_mod
ules\@google-cloud\ver
texai\build\src\functi
ons\generate_content.j
s:51:16)
      at async 
askVertex (file:///C:/
Users/Intel/Desktop/AI
SA/AISA_Backend/servic
es/vertex.service.js:1
5:24)
      at async 
runTest (file:///C:/Us
ers/Intel/Desktop/AISA
/AISA_Backend/test_ver
tex_manual_v2.js:7:26)
 {
    config: {
      retry: true,
      retryConfig: 
[Object],
      method: 'POST',
      url: 'https://oa
uth2.googleapis.com/to
ken',
      data: 
'<<REDACTED> - See 
`errorRedactor` 
option in `gaxios` 
for configuration>.',
      headers: 
[Object],
      
paramsSerializer: 
[Function: 
paramsSerializer],
      body: 
'<<REDACTED> - See 
`errorRedactor` 
option in `gaxios` 
for configuration>.',
      validateStatus: 
[Function: 
validateStatus],
      responseType: 
'unknown',
      errorRedactor: 
[Function: 
defaultErrorRedactor]
    },
    response: {
      config: 
[Object],
      data: [Object],
      headers: 
[Object],
      status: 400,
      statusText: 
'Bad Request',
      request: 
[Object]
    },
    error: undefined,
    status: 400,
    Symbol(gaxios-gaxi
os-error): '6.7.1'
  },
  [cause]: 
GaxiosError: {"error":
"invalid_grant","error
_description":"reauth 
related error (invalid
_rapt)","error_uri":"h
ttps://support.google.
com/a/answer/9368756",
"error_subtype":"inval
id_rapt"}
      at 
Gaxios._request (C:\Us
ers\Intel\Desktop\AISA
\AISA_Backend\node_mod
ules\@google-cloud\ver
texai\node_modules\gax
ios\build\src\gaxios.j
s:142:23)
      at process.proce
ssTicksAndRejections (
node:internal/process/
task_queues:103:5)
      at async UserRef
reshClient.refreshToke
nNoCache (C:\Users\Int
el\Desktop\AISA\AISA_B
ackend\node_modules\@g
oogle-cloud\vertexai\n
ode_modules\google-aut
h-library\build\src\au
th\oauth2client.js:212
:19)
      at async UserRef
reshClient.refreshAcce
ssTokenAsync (C:\Users
\Intel\Desktop\AISA\AI
SA_Backend\node_module
s\@google-cloud\vertex
ai\node_modules\google
-auth-library\build\sr
c\auth\oauth2client.js
:247:19)
      at async UserRef
reshClient.getAccessTo
kenAsync (C:\Users\Int
el\Desktop\AISA\AISA_B
ackend\node_modules\@g
oogle-cloud\vertexai\n
ode_modules\google-aut
h-library\build\src\au
th\oauth2client.js:276
:23)
      at async GoogleA
uth.getAccessToken (C:
\Users\Intel\Desktop\A
ISA\AISA_Backend\node_
modules\@google-cloud\
vertexai\node_modules\
google-auth-library\bu
ild\src\auth\googleaut
h.js:723:17)
      at async 
generateContent (C:\Us
ers\Intel\Desktop\AISA
\AISA_Backend\node_mod
ules\@google-cloud\ver
texai\build\src\functi
ons\generate_content.j
s:51:16)
      at async 
askVertex (file:///C:/
Users/Intel/Desktop/AI
SA/AISA_Backend/servic
es/vertex.service.js:1
5:24)
      at async 
runTest (file:///C:/Us
ers/Intel/Desktop/AISA
/AISA_Backend/test_ver
tex_manual_v2.js:7:26)
 {
    config: {
      retry: true,
      retryConfig: 
[Object],
      method: 'POST',
      url: 'https://oa
uth2.googleapis.com/to
ken',
      data: 
'<<REDACTED> - See 
`errorRedactor` 
option in `gaxios` 
for configuration>.',
      headers: 
[Object],
      
paramsSerializer: 
[Function: 
paramsSerializer],
      body: 
'<<REDACTED> - See 
`errorRedactor` 
option in `gaxios` 
for configuration>.',
      validateStatus: 
[Function: 
validateStatus],
      responseType: 
'unknown',
      errorRedactor: 
[Function: 
defaultErrorRedactor]
    },
    response: {
      config: 
[Object],
      data: [Object],
      headers: 
[Object],
      status: 400,
      statusText: 
'Bad Request',
      request: 
[Object]
    },
    error: undefined,
    status: 400,
    Symbol(gaxios-gaxi
os-error): '6.7.1'
  }
}
